Microchip MPLAB XC8 Compiler V3.00

Linker command line:

-W-3 \
  --edf=C:\Program Files\Microchip\xc8\v3.00\pic\dat\20241204225717_en.msgs \
  -cn -h+dist/default/debug\GNE.X.debug.sym \
  --cmf=dist/default/debug\GNE.X.debug.cmf -z -Q16F887 \
  -oC:\Users\william\AppData\Local\Temp\xcAs6do.\driver_tmp_3.o \
  --defsym=__MPLAB_BUILD=1 --fixupoverflow=error \
  -Mdist/default/debug/GNE.X.debug.map \
  --md=C:\Users\william\AppData\Local\Temp\xcAs6do.\driver_tmp_0.dat -E1 \
  -ver=XC8 Compiler -ACODE=00h-07FFhx3,01800h-01EFFh -ASTRCODE=00h-01EFFh \
  -ASTRING=00h-0FFhx31 -ACONST=00h-0FFhx31 -AENTRY=00h-0FFhx31 \
  -ACOMMON=071h-07Fh -ABANK0=020h-06Fh -ABANK1=0A0h-0EFh \
  -ABANK2=0110h-016Fh -ABANK3=0190h-01E4h \
  -ARAM=020h-06Fh,0A0h-0EFh,0110h-016Fh,0190h-01E4h \
  -AABS1=020h-07Fh,0A0h-0EFh,0110h-016Fh,0190h-01EFh -ASFR0=00h-01Fh \
  -ASFR1=080h-09Fh -ASFR2=0100h-010Fh -ASFR3=0180h-018Fh \
  -ACONFIG=02007h-02008h -DCONFIG=2 -AIDLOC=02000h-02003h -DIDLOC=2 \
  -AEEDATA=00h-0FFh/02100h -peeprom_data=EEDATA -DEEDATA=2 -DCODE=2 \
  -DSTRCODE=2 -DSTRING=2 -DCONST=2 -DENTRY=2 \
  -preset_vec=00h,intentry=04h,sivt,init,end_init -ppowerup=CODE \
  -pcinit=CODE -pfunctab=ENTRY -k \
  C:\Users\william\AppData\Local\Temp\xcAs6do.\driver_tmp_12.o \
  dist/default/debug\GNE.X.debug.o 

Object code version is 3.11

Machine type is 16F887



                Name                               Link     Load   Length Selector   Space Scale
C:\Users\william\AppData\Local\Temp\xcAs6do.\driver_tmp_12.o
                end_init                             10       10        3        8       0
                reset_vec                             0        0        4        0       0
                config                             2007     2007        2        0       4
dist/default/debug\GNE.X.debug.o
                cinit                               7EC      7EC       14      FD8       0
                intentry                              4        4        C        8       0
                config                             2007     2007        2        0       4
                text5                               5E8      5E8       49      BD0       0
                text4                               560      560       44      AC0       0
                text3                               631      631       83      C62       0
                text2                               525      525       3B      A4A       0
                text1                               5A4      5A4       44      B48       0
                maintext                            6B4      6B4      138      D68       0
                cstackBANK0                          20       20       23       20       1
                cstackCOMMON                         71       71        8       71       1
                inittext                            512      512       13      A24       0
                dataBANK0                            43       43        A       20       1
                bssCOMMON                            79       79        2       71       1
                idataBANK0                          508      508        A      A10       0

TOTAL           Name                               Link     Load   Length     Space
        CLASS   CODE           
                end_init                             10       10        3         0
                cinit                               7EC      7EC       14         0
                intentry                              4        4        C         0
                reset_vec                             0        0        4         0
                text5                               5E8      5E8       49         0
                text4                               560      560       44         0
                text3                               631      631       83         0
                text2                               525      525       3B         0
                text1                               5A4      5A4       44         0
                maintext                            6B4      6B4      138         0
                inittext                            512      512       13         0
                idataBANK0                          508      508        A         0

        CLASS   STRCODE        

        CLASS   STRING         

        CLASS   CONST          

        CLASS   ENTRY          

        CLASS   COMMON         
                cstackCOMMON                         71       71        8         1
                bssCOMMON                            79       79        2         1

        CLASS   BANK0          
                cstackBANK0                          20       20       23         1
                dataBANK0                            43       43        A         1

        CLASS   BANK1          

        CLASS   BANK2          

        CLASS   BANK3          

        CLASS   RAM            

        CLASS   ABS1           
                abs_s1                               7E       7E        2         1

        CLASS   SFR0           

        CLASS   SFR1           

        CLASS   SFR2           

        CLASS   SFR3           

        CLASS   CONFIG         
                config                             2007     2007        2         4

        CLASS   IDLOC          

        CLASS   EEDATA         

        CLASS   HEAP           

        CLASS   STACK          



SEGMENTS        Name                           Load    Length   Top    Selector   Space  Class     Delta

                reset_vec                      000000  000004  000004         0       0  CODE        2
                intentry                       000004  00000F  000013         8       0  CODE        2
                cstackBANK0                    000020  00002D  00004D        20       1  BANK0       1
                cstackCOMMON                   000071  00000A  00007B        71       1  COMMON      1
                idataBANK0                     000508  00000A  000512       A10       0  CODE        2
                inittext                       000512  000013  000525       A24       0  CODE        2
                text2                          000525  00003B  000560       A4A       0  CODE        2
                text4                          000560  000044  0005A4       AC0       0  CODE        2
                text1                          0005A4  000044  0005E8       B48       0  CODE        2
                text5                          0005E8  000049  000631       BD0       0  CODE        2
                text3                          000631  000083  0006B4       C62       0  CODE        2
                maintext                       0006B4  000138  0007EC       D68       0  CODE        2
                cinit                          0007EC  000014  000800       FD8       0  CODE        2


UNUSED ADDRESS RANGES

        Name                Unused          Largest block    Delta
        BANK0            004D-006F             23           1
        BANK1            00A0-00EF             50           1
        BANK2            0110-016F             60           1
        BANK3            0190-01E4             55           1
        CODE             0013-0507            4F5           2
                         0800-1EFF            800
        COMMON           007B-007D              3           1
        CONST            0013-0507            100           2
                         0800-1EFF            100
        EEDATA           2100-21FF            100           2
        ENTRY            0013-0507            100           2
                         0800-1EFF            100
        IDLOC            2000-2003              4           2
        RAM              004D-006F             23           1
                         00A0-00EF             50
                         0110-016F             60
                         0190-01E4             55
        SFR0             0000-001F             20           1
        SFR1             0080-009F             20           1
        SFR2             0100-010F             10           1
        SFR3             0180-018F             10           1
        STRCODE          0013-0507            4F5           2
                         0800-1EFF           1700
        STRING           0013-0507            100           2
                         0800-1EFF            100

                                  Symbol Table

Irrigazione@direzione     cstackBANK0  0032
Irrigazione@irrigazione   cstackBANK0  0036
Irrigazione@power         cstackBANK0  0030
Irrigazione@velocita      cstackBANK0  0034
Visualizza@F1427          dataBANK0    0043
Visualizza@display        cstackBANK0  0030
Visualizza@lettera        cstackBANK0  0036
_ANSEL                    (abs)        0188
_ANSELH                   (abs)        0189
_INTCON                   (abs)        000B
_INTCONbits               (abs)        000B
_ISR                      text3        0631
_Irrigazione              text2        0525
_OPTION_REG               (abs)        0081
_OSCCON                   (abs)        008F
_PORTA                    (abs)        0005
_PORTB                    (abs)        0006
_PORTC                    (abs)        0007
_PORTD                    (abs)        0008
_RB0                      (abs)        0030
_RB1                      (abs)        0031
_RB2                      (abs)        0032
_RB3                      (abs)        0033
_RB4                      (abs)        0034
_RB5                      (abs)        0035
_RD2                      (abs)        0042
_RD3                      (abs)        0043
_RD4                      (abs)        0044
_RD5                      (abs)        0045
_RD6                      (abs)        0046
_RD7                      (abs)        0047
_TRISA                    (abs)        0085
_TRISB                    (abs)        0086
_TRISC                    (abs)        0087
_TRISD                    (abs)        0088
_Visualizza               text1        05A4
__H__absolute__           __absolute__ 0000
__Habs1                   abs1         0000
__Hbank0                  bank0        0000
__Hbank1                  bank1        0000
__Hbank2                  bank2        0000
__Hbank3                  bank3        0000
__HbssCOMMON              bssCOMMON    0000
__Hcinit                  cinit        0800
__Hclrtext                clrtext      0000
__Hcode                   code         0000
__Hcommon                 common       0000
__Hconfig                 config       2009
__HcstackBANK0            cstackBANK0  0000
__HcstackCOMMON           cstackCOMMON 0000
__HdataBANK0              dataBANK0    0000
__Heeprom_data            eeprom_data  0000
__Hend_init               end_init     0013
__Hfunctab                functab      0000
__Hheap                   heap         0000
__HidataBANK0             idataBANK0   0000
__Hinit                   init         0010
__Hinittext               inittext     0000
__Hintentry               intentry     0010
__Hmaintext               maintext     0000
__Hpowerup                powerup      0000
__Hram                    ram          0000
__Hreset_vec              reset_vec    0004
__Hsfr0                   sfr0         0000
__Hsfr1                   sfr1         0000
__Hsfr2                   sfr2         0000
__Hsfr3                   sfr3         0000
__Hsivt                   sivt         0010
__Hspace_0                (abs)        0800
__Hspace_1                (abs)        007B
__Hspace_2                (abs)        0000
__Hspace_3                (abs)        0000
__Hspace_4                (abs)        4010
__Hstack                  stack        0000
__Hstrings                strings      0000
__Htext                   text         0000
__L__absolute__           __absolute__ 0000
__Labs1                   abs1         0000
__Lbank0                  bank0        0000
__Lbank1                  bank1        0000
__Lbank2                  bank2        0000
__Lbank3                  bank3        0000
__LbssCOMMON              bssCOMMON    0000
__Lcinit                  cinit        07EC
__Lclrtext                clrtext      0000
__Lcode                   code         0000
__Lcommon                 common       0000
__Lconfig                 config       0000
__LcstackBANK0            cstackBANK0  0000
__LcstackCOMMON           cstackCOMMON 0000
__LdataBANK0              dataBANK0    0000
__Leeprom_data            eeprom_data  0000
__Lend_init               end_init     0010
__Lfunctab                functab      0000
__Lheap                   heap         0000
__LidataBANK0             idataBANK0   0000
__Linit                   init         0010
__Linittext               inittext     0000
__Lintentry               intentry     0004
__Lmaintext               maintext     0000
__Lpowerup                powerup      0000
__Lram                    ram          0000
__Lreset_vec              reset_vec    0000
__Lsfr0                   sfr0         0000
__Lsfr1                   sfr1         0000
__Lsfr2                   sfr2         0000
__Lsfr3                   sfr3         0000
__Lsivt                   sivt         0010
__Lspace_0                (abs)        0000
__Lspace_1                (abs)        0000
__Lspace_2                (abs)        0000
__Lspace_3                (abs)        0000
__Lspace_4                (abs)        0000
__Lstack                  stack        0000
__Lstrings                strings      0000
__Ltext                   text         0000
__S0                      (abs)        0800
__S1                      (abs)        007B
__S3                      (abs)        0000
___heap_hi                (abs)        0000
___heap_lo                (abs)        0000
___int_sp                 stack        0000
___int_stack_hi           stack        0000
___int_stack_lo           stack        0000
___latbits                (abs)        0002
___sp                     stack        0000
___stack_hi               stack        0000
___stack_lo               stack        0000
___stackhi                (abs)        0000
___stacklo                (abs)        0000
__end_of_ISR              text3        06B4
__end_of_Irrigazione      text2        0560
__end_of_Visualizza       text1        05E8
__end_of__initialization  cinit        07FC
__end_of_main             maintext     07EC
__end_ofi1_Irrigazione    text5        0631
__end_ofi1_Visualizza     text4        05A4
__initialization          cinit        07EC
__pbssCOMMON              bssCOMMON    0079
__pcstackBANK0            cstackBANK0  0020
__pcstackCOMMON           cstackCOMMON 0071
__pdataBANK0              dataBANK0    0043
__pidataBANK0             idataBANK0   0508
__pintentry               intentry     0004
__pmaintext               maintext     06B4
__ptext1                  text1        05A4
__ptext2                  text2        0525
__ptext3                  text3        0631
__ptext4                  text4        0560
__ptext5                  text5        05E8
_main                     maintext     06B4
_stato                    bssCOMMON    0079
btemp                     (abs)        007E
end_of_initialization     cinit        07FC
i1Irrigazione@direzione   cstackCOMMON 0073
i1Irrigazione@irrigazione cstackCOMMON 0077
i1Irrigazione@power       cstackCOMMON 0071
i1Irrigazione@velocita    cstackCOMMON 0075
i1Visualizza@display      cstackCOMMON 0071
i1Visualizza@lettera      cstackBANK0  0020
i1_Irrigazione            text5        05E8
i1_Visualizza             text4        0560
init_fetch0               inittext     0512
init_ram0                 inittext     0516
interrupt_function        intentry     0004
intlevel0                 functab      0000
intlevel1                 functab      0000
intlevel2                 functab      0000
intlevel3                 functab      0000
intlevel4                 functab      0000
intlevel5                 functab      0000
reset_vec                 reset_vec    0000
saved_w                   (abs)        007E
start                     init         0010
start_initialization      cinit        07EC
wtemp0                    (abs)        007E


MODULE INFORMATION

Module		Function		Class		Link	Load	Size
shared
		i1_Visualizza  		CODE           	0560	0000	68
		i1_Irrigazione 		CODE           	05E8	0000	73
		__initialization		CODE           	07EC	0000	16

shared estimated size: 157

main.c
		_ISR           		CODE           	0631	0000	131
		_Irrigazione   		CODE           	0525	0000	59
		_main          		CODE           	06B4	0000	312
		_Visualizza    		CODE           	05A4	0000	68

main.c estimated size: 570

